---
source: crates/batuta-tui/tests/composer.rs
expression: "render(&model, 120, 40)"
---
"batuta · ws: workspace ▾ · daemon running · 0 attention                                                                 "
"warning: daemon version dev — compatibility unverified (floor v0.3.0-beta.16)                                           "
"┌[1] Sessions · batuta─────────────────────────┐┌[4] Session · sess-a · batuta─────────────────────────────────────────┐"
"│no sessions — press n to start one            ││no transcript yet                                                     │"
"└──────────────────────────────────────────────┘│                                                                      │"
"┌[2] Deliver runs · batuta-deliver─────────────┐│                                                                      │"
"│no runs for batuta-deliver — press * for all  ││                                                                      │"
"└──────────────────────────────────────────────┘│                                                                      │"
"┌[3] Attention (0)─────────────────────────────┐│                                                                      │"
"│nothing needs attention                       ││                                                                      │"
"└──────────────────────────────────────────────┘│                                                                      │"
"                                                │                                                                      │"
"                                                │                                                                      │"
"                                                │                                                                      │"
"                                                │                                                                      │"
"                                                │                                                                      │"
"                                                │                                                                      │"
"                                                │                                                                      │"
"                                                │                                                                      │"
"                                                │                                                                      │"
"                                                │                                                                      │"
"                                                │                                                                      │"
"                                                │                                                                      │"
"                                                │                                                                      │"
"                                                │                                                                      │"
"                                                │                                                                      │"
"                                                │                                                                      │"
"                                                │                                                                      │"
"                                                │                                                                      │"
"                                                │                                                                      │"
"                                                │                                                                      │"
"                                                │                                                                      │"
"                                                │                                                                      │"
"                                                │                                                                      │"
"                                                │live                                                                  │"
"                                                │a long draft that must soft wrap inside the three line composer       │"
"                                                │without escaping its panel                                            │"
"                                                │                                                   i edit · Enter send│"
"                                                └──────────────────────────────────────────────────────────────────────┘"
"1-4 focus  Tab/Shift+Tab next/previous  w workspace  L logs  ?/F1 help  q/Ctrl+C quit  j/k/PgUp/PgDn/g/G/Enter/t/y/n/N n"
