---
source: crates/batuta-tui/tests/logs_overlay.rs
expression: screen
---
"batuta · ws: workspace ▾ · daemon running · 0 attention                                                                 "
"wa┌logs · session sess-log · live────────────────────────────────────────────────────────────────────────────────────┐  "
"┌[│20:05:52  tool  ○  batuta  started                                                                                │─┐"
"│n│                                                                                                                  │ │"
"└─│                                                                                                                  │ │"
"┌[│                                                                                                                  │ │"
"│n│                                                                                                                  │ │"
"└─│                                                                                                                  │ │"
"┌[│                                                                                                                  │ │"
"│n│                                                                                                                  │ │"
"└─│                                                                                                                  │ │"
"  │                                                                                                                  │ │"
"  │                                                                                                                  │ │"
"  │                                                                                                                  │ │"
"  │                                                                                                                  │ │"
"  │                                                                                                                  │ │"
"  │                                                                                                                  │ │"
"  │                                                                                                                  │ │"
"  │                                                                                                                  │ │"
"  │                                                                                                                  │ │"
"  │                                                                                                                  │ │"
"  │                                                                                                                  │ │"
"  │                                                                                                                  │ │"
"  │                                                                                                                  │ │"
"  │                                                                                                                  │ │"
"  │                                                                                                                  │ │"
"  │                                                                                                                  │ │"
"  │                                                                                                                  │ │"
"  │                                                                                                                  │ │"
"  │                                                                                                                  │ │"
"  │                                                                                                                  │ │"
"  │                                                                                                                  │ │"
"  │                                                                                                                  │ │"
"  │                                                                                                                  │ │"
"  │                                                                                                                  │ │"
"  │                                                                                                                  │ │"
"  │                                                                                                                  │ │"
"  │                                                                                                                  │d│"
"  └──────────────────────────────────────────────────────────────────────────────────────────────────────────────────┘─┘"
"Esc close                                                                                                               "
