---
source: crates/batuta-tui/tests/panels_attention.rs
expression: "render(&model, 100, 30)"
---
"batuta · ws: workspace ▾ · daemon running · 3 attention                                             "
"warning: daemon version dev — compatibility unverified (floor v0.3.0-beta.16)                       "
"┌[1] Sessions ·┌clarify · deadline 2025-08-19T00:10:00Z─────────────────────────────┐──────────────┐"
"│> ● batuta  sp│Which environment?                                                  │              │"
"│  ■ general  —│> 1  staging                                                        │              │"
"│more (limit 50│  2  production                                                     │              │"
"│              │  3  both                                                           │              │"
"│              │Enter · Esc                                                         │              │"
"│              │                                                                    │              │"
"│              │                                                                    │              │"
"│              │                                                                    │              │"
"│              │                                                                    │              │"
"└──────────────│                                                                    │              │"
"┌[2] Deliver ru│                                                                    │              │"
"│no runs for ba│                                                                    │              │"
"│              │                                                                    │              │"
"│              │                                                                    │              │"
"│              │                                                                    │              │"
"│              │                                                                    │              │"
"│              │                                                                    │              │"
"└──────────────│                                                                    │              │"
"┌[3] Attention │                                                                    │              │"
"│  ▪ permission│                                                                    │              │"
"│> ? clarify  W│                                                                    │              │"
"│  ! approval  │                                                                    │              │"
"│              │                                                                    │              │"
"│              │                                                                    │              │"
"│              └────────────────────────────────────────────────────────────────────┘              │"
"└──────────────────────────────────────┘└──────────────────────────────────────────────────────────┘"
"Enter answer                                                                                        "
