---
source: crates/batuta-tui/tests/prompt.rs
expression: "panels_support::render(&model, 100, 30)"
---
"batuta · ws: workspace ▾ · daemon running · 0 attention                                             "
"warning: daemon version dev — compatibility unverified (floor v0.3.0-beta.16)                       "
"┌[1] Sessions · all sessions───────────┐┌[4] Session · sess-a · batuta─────────────────────────────┐"
"│no sessions — press n to start one    ││no transcript yet                                         │"
"└──────────────────────────────────────┘│                                                          │"
"┌[2] Deliver runs · batuta-deliver─────┐│                                                          │"
"│no runs for batuta-deliver — press * f││                                                          │"
"└──────────────────────────────────────┘│                                                          │"
"┌[3] Attention (0)─────────────────────┐│                                                          │"
"│nothing needs attention               ││                                                          │"
"└──────────────────────────────────────┘│                                                          │"
"                                        │                                                          │"
"                                        │  ┌session is busy (turn turn-1)───────────────────────┐  │"
"                                        │  │> queue      send after the current turn            │  │"
"                                        │  │  steer      inject into the current turn           │  │"
"                                        │  │  interrupt  stop the current turn, then send       │  │"
"                                        │  │                                                    │  │"
"                                        │  │                                                    │  │"
"                                        │  └────────────────────────────────────────────────────┘  │"
"                                        │                                                          │"
"                                        │                                                          │"
"                                        │                                                          │"
"                                        │                                                          │"
"                                        │                                                          │"
"                                        │live                                                      │"
"                                        │hello                                                     │"
"                                        │                                                          │"
"                                        │                              Alt+Enter newline · Esc back│"
"                                        └──────────────────────────────────────────────────────────┘"
"Enter/Alt+Enter/Ctrl+U/Esc send/newline/clear/back                                                  "
